2025-10-30T08:39:56+00:00 DEBUG #7011 - [New Request] GET /wp-admin/plugins.php
2025-10-30T08:39:56+00:00 INFO #7011 - No customers for payment tokens migration.
2025-10-30T08:39:57+00:00 DEBUG #7011 - GET https://api.woocommerce.com/integrations/ppc/v1/customer/partners/K8SKZ36LQBWXJ/merchant-integrations/
Response: Array
(
    [code] => 404
    [message] => Not Found
)

Response Body: {"statusCode":404,"error":"Not Found","message":"Not Found"}
2025-10-30T08:39:57+00:00 WARNING #7011 - [Error] Not Found CONTEXT: {"args":{"method":"GET","headers":{"Authorization":"Bearer token","Content-Type":"application/json"}},"response":{"headers":{},"body":"{"statusCode":404,"error":"Not Found","message":"Not Found"}","response":{"code":404,"message":"Not Found"},"cookies":[],"filename":null,"http_response":{"data":null,"headers":null,"status":null}}}
2025-10-30T08:39:58+00:00 DEBUG #7011 - Webhook lock acquired for 'register'.
2025-10-30T08:39:58+00:00 DEBUG #7011 - Webhook operation 'register' started.
2025-10-30T08:39:58+00:00 DEBUG #7011 - GET https://api.woocommerce.com/integrations/ppc/v1/notifications/webhooks
Response: Array
(
    [code] => 404
    [message] => Not Found
)

Response Body: {"statusCode":404,"error":"Not Found","message":"Not Found"}
2025-10-30T08:39:58+00:00 ERROR #7011 - Failed to delete webhooks: [Error] Not Found
2025-10-30T08:39:58+00:00 INFO #7011 - Webhooks deleted.
2025-10-30T08:39:58+00:00 DEBUG #7011 - POST https://api.woocommerce.com/integrations/ppc/v1/notifications/webhooks
Request Body: {"url":"https:\/\/3rdsemesterproject.local\/wp-json\/paypal\/v1\/incoming","event_types":[{"name":"CHECKOUT.ORDER.APPROVED"},{"name":"CHECKOUT.ORDER.COMPLETED"},{"name":"CHECKOUT.PAYMENT-APPROVAL.REVERSED"},{"name":"PAYMENT.CAPTURE.REFUNDED"},{"name":"PAYMENT.AUTHORIZATION.VOIDED"},{"name":"PAYMENT.CAPTURE.REVERSED"},{"name":"PAYMENT.ORDER.CANCELLED"},{"name":"PAYMENT.CAPTURE.DENIED"},{"name":"PAYMENT.CAPTURE.COMPLETED"},{"name":"VAULT.PAYMENT-TOKEN.CREATED"},{"name":"VAULT.PAYMENT-TOKEN.DELETED"},{"name":"PAYMENT.CAPTURE.PENDING"},{"name":"PAYMENT.SALE.COMPLETED"},{"name":"PAYMENT.SALE.REFUNDED"},{"name":"BILLING.SUBSCRIPTION.CANCELLED"},{"name":"BILLING.PLAN.PRICING-CHANGE.ACTIVATED"},{"name":"CATALOG.PRODUCT.UPDATED"},{"name":"BILLING.PLAN.UPDATED"}]}
Response: Array
(
    [code] => 404
    [message] => Not Found
)

Response Body: {"statusCode":404,"error":"Not Found","message":"Not Found"}
2025-10-30T08:39:58+00:00 ERROR #7011 - Failed to subscribe webhooks: [Error] Not Found
2025-10-30T08:39:58+00:00 DEBUG #7011 - Webhook lock released for 'register'.
2025-10-30T08:40:08+00:00 DEBUG #6939 - [New Request] GET /wp-admin/plugins.php
2025-10-30T08:40:08+00:00 DEBUG #6939 - Webhook lock acquired for 'unregister'.
2025-10-30T08:40:08+00:00 DEBUG #6939 - Webhook operation 'unregister' started.
2025-10-30T08:40:08+00:00 DEBUG #6939 - GET https://api.woocommerce.com/integrations/ppc/v1/notifications/webhooks
Response: Array
(
    [code] => 404
    [message] => Not Found
)

Response Body: {"statusCode":404,"error":"Not Found","message":"Not Found"}
2025-10-30T08:40:08+00:00 ERROR #6939 - Failed to delete webhooks: [Error] Not Found
2025-10-30T08:40:08+00:00 INFO #6939 - Webhooks deleted.
2025-10-30T08:40:08+00:00 DEBUG #6939 - Webhook lock released for 'unregister'.
